cargo :     Blocking waiting for file lock on artifact directory
所在位置 行:1 字符: 198
+ ... /src-tauri; cargo test -- --nocapture > D:\BigLionX\ProClaw\test_outp ...
+                 ~~~~~~~~~~~~~~~~~~~~~~~~~~~~~~~~~~~~~~~~~~~~~~~~~~~~~~~~~
    + CategoryInfo          : NotSpecified: (    Blocking wa...ifact directory:String) [], RemoteException
    + FullyQualifiedErrorId : NativeCommandError
 
   Compiling proclaw-desktop v1.0.0 (D:\BigLionX\ProClaw\src-tauri)
    Finished `test` profile [unoptimized + debuginfo] target(s) in 1m 04s
     Running unittests src\main.rs (target\debug\deps\proclaw_desktop-a7408b28c986f940.exe)

running 73 tests
test api::ai::tests::test_base64_decode_with_prefix ... ok
test api::ai::tests::test_calculate_cost ... ok
test api::ai::tests::test_detect_image_format ... ok
test api::ai::tests::test_extract_items_from_code_block ... ok
test api::ai::tests::test_extract_items_from_json_response ... ok
test api::ai::tests::test_extract_items_from_markdown_json ... ok
test api::files::tests::test_is_image_mime ... ok
test api::files::tests::test_mime_from_ext ... ok
Hash: 69f7beb5c31b2a70052b155c41ab54790f5fd97dd00e8127453bf12b2e707f16
test api::encryption::tests::test_encrypt_decrypt_json ... ok
test api::finance::tests::test_get_profit_loss_report ... ok
test auth::permissions::tests::test_boss_has_all_permissions ... ok
test auth::permissions::tests::test_get_role_permissions_boss ... ok
test auth::permissions::tests::test_get_role_permissions_customer ... ok
test auth::permissions::tests::test_get_role_permissions_finance ... ok
test auth::permissions::tests::test_get_role_permissions_purchase ... ok
test auth::permissions::tests::test_get_role_permissions_sales ... ok
test auth::permissions::tests::test_get_role_permissions_unknown ... ok
test auth::permissions::tests::test_get_role_permissions_warehouse ... ok
[Permissions] Failed to parse permissions JSON: EOF while parsing a value at line 1 column 0 - raw: 
test auth::permissions::tests::test_has_any_permission ... ok
test auth::permissions::tests::test_parse_permissions_empty ... ok
[Permissions] Failed to parse permissions JSON: expected value at line 1 column 1 - raw: invalid
test auth::permissions::tests::test_parse_permissions_invalid_json ... ok
test auth::permissions::tests::test_parse_permissions_valid_json ... ok
test auth::permissions::tests::test_permission_denied_response ... ok
test auth::permissions::tests::test_required_permission_for_ai_no_restriction ... ok
test auth::permissions::tests::test_required_permission_for_approvals ... ok
test api::files::tests::test_file_upload_endpoint_exists ... ok
test auth::permissions::tests::test_required_permission_for_finance_get ... ok
test auth::permissions::tests::test_required_permission_for_inventory_get ... ok
test auth::permissions::tests::test_required_permission_for_products_get ... ok
test auth::permissions::tests::test_required_permission_for_products_post ... ok
test auth::permissions::tests::test_required_permission_for_sales_get ... ok
test auth::permissions::tests::test_required_permission_for_users ... ok
test auth::permissions::tests::test_specific_permission_check ... ok
test api::ai::tests::test_parse_ocr_text_to_items ... ok
Installed built-in Agent: 财务管理 Agent
Installed built-in Agent: 任务管理 Agent
Installed built-in Agent: 客户关系 Agent
Installed built-in Agent: 财务管理 Agent
Installed built-in Agent: 文档协作 Agent
Installed built-in Agent: 任务管理 Agent
Installed built-in Agent: 人事管理 Agent
Installed built-in Agent: 客户关系 Agent
Installed built-in Agent: 财务管理 Agent
Installed built-in Agent: 文档协作 Agent
Installed industry Agent: 餐饮服务助手
Installed built-in Agent: 任务管理 Agent
Installed built-in Agent: 人事管理 Agent
Installed built-in Agent: 客户关系 Agent
Installed industry Agent: 智能菜单顾问
Installed industry Agent: 餐饮服务助手
Installed industry Agent: 后厨调度助手
Installed built-in Agent: 文档协作 Agent
Installed industry Agent: 智能菜单顾问
Installed built-in Agent: 人事管理 Agent
Installed industry Agent: 后厨调度助手
Installed industry Agent: 餐饮服务助手
Installed industry Agent: 美业服务顾问
Installed industry Agent: 智能菜单顾问
Installed industry Agent: 智能排班助手
Installed industry Agent: 后厨调度助手
Installed industry Agent: 营销活动助手
Installed industry Agent: 美业服务顾问
Installed industry Agent: 宠物养护顾问
Installed industry Agent: 智能排班助手
Installed industry Agent: 美业服务顾问
Installed industry Agent: 寄养管理助手
Installed industry Agent: 营销活动助手
Installed industry Agent: 健康管理助手
Installed industry Agent: 智能排班助手
Installed industry Agent: 宠物养护顾问
Installed industry Agent: 营销活动助手
Installed industry Agent: 寄养管理助手
Installed industry Agent: 宠物养护顾问
Installed industry Agent: 健康管理助手
Installed industry Agent: 寄养管理助手
Installed industry Agent: Token 计费助手
Installed industry Agent: 健康管理助手
Installed industry Agent: 云平台运营助手
Installed industry Agent: Token 计费助手
Installed industry Agent: 备份恢复助手
Installed industry Agent: 云平台运营助手
Installed industry Agent: 便利店经营助手
Installed industry Agent: 备份恢复助手
Installed industry Agent: 酒水批发助手
Installed industry Agent: 便利店经营助手
Installed industry Agent: 手机配件批发助手
Installed industry Agent: 酒水批发助手
Installed industry Agent: 食材配送助手
Installed industry Agent: 手机配件批发助手
Installed industry Agent: 配送路线优化师
Installed industry Agent: 食材配送助手
Installed industry Agent: 汽配查询助手
Installed industry Agent: 配送路线优化师
Installed industry Agent: 五金经营助手
Installed industry Agent: 汽配查询助手
Installed industry Agent: 装修材料助手
Installed industry Agent: 五金经营助手
Installed industry Agent: 社区团购助手
Installed industry Agent: 装修材料助手
Installed industry Agent: 接龙文本解析器
Installed industry Agent: Token 计费助手
Installed industry Agent: 云平台运营助手
Installed industry Agent: 备份恢复助手
Installed industry Agent: 社区团购助手
Installed industry Agent: 便利店经营助手
Installed industry Agent: 接龙文本解析器
Installed industry Agent: 酒水批发助手
Installed industry Agent: 手机配件批发助手
test ceo_commands::tests::test_decision_stats ... ok
Installed industry Agent: 食材配送助手
Installed industry Agent: 配送路线优化师
Installed industry Agent: 汽配查询助手
test ceo_commands::tests::test_ceo_task_crud ... ok
Installed industry Agent: 五金经营助手
Installed industry Agent: 装修材料助手
Installed industry Agent: 社区团购助手
Installed industry Agent: 接龙文本解析器
test ceo_commands::tests::test_decision_log_crud ... ok
Installed built-in Agent: 财务管理 Agent
Installed built-in Agent: 任务管理 Agent
Installed built-in Agent: 客户关系 Agent
Installed built-in Agent: 文档协作 Agent
Installed built-in Agent: 人事管理 Agent
Installed industry Agent: 餐饮服务助手
Installed industry Agent: 智能菜单顾问
Installed industry Agent: 后厨调度助手
Installed industry Agent: 美业服务顾问
Installed industry Agent: 智能排班助手
Installed industry Agent: 营销活动助手
Installed industry Agent: 宠物养护顾问
Installed industry Agent: 寄养管理助手
Installed industry Agent: 健康管理助手
Installed industry Agent: Token 计费助手
Installed industry Agent: 云平台运营助手
Installed industry Agent: 备份恢复助手
Installed industry Agent: 便利店经营助手
Installed industry Agent: 酒水批发助手
Installed industry Agent: 手机配件批发助手
Installed industry Agent: 食材配送助手
Installed industry Agent: 配送路线优化师
Installed industry Agent: 汽配查询助手
Installed industry Agent: 五金经营助手
Installed industry Agent: 装修材料助手
Installed industry Agent: 社区团购助手
Installed industry Agent: 接龙文本解析器
test ceo_commands::tests::test_export_company_config ... ok
Installed built-in Agent: 财务管理 Agent
Installed built-in Agent: 任务管理 Agent
Installed built-in Agent: 客户关系 Agent
Installed built-in Agent: 文档协作 Agent
Installed built-in Agent: 人事管理 Agent
Installed industry Agent: 餐饮服务助手
Installed industry Agent: 智能菜单顾问
Installed industry Agent: 后厨调度助手
Installed industry Agent: 美业服务顾问
Installed industry Agent: 智能排班助手
Installed industry Agent: 营销活动助手
Installed industry Agent: 宠物养护顾问
Installed industry Agent: 寄养管理助手
Installed industry Agent: 健康管理助手
Installed industry Agent: Token 计费助手
Installed built-in Agent: 财务管理 Agent
Installed industry Agent: 云平台运营助手
Installed industry Agent: 备份恢复助手
Installed industry Agent: 便利店经营助手
Installed built-in Agent: 任务管理 Agent
Installed industry Agent: 酒水批发助手
Installed built-in Agent: 客户关系 Agent
Installed built-in Agent: 文档协作 Agent
Installed industry Agent: 手机配件批发助手
Installed built-in Agent: 财务管理 Agent
Installed built-in Agent: 人事管理 Agent
Installed industry Agent: 食材配送助手
Installed built-in Agent: 任务管理 Agent
Installed industry Agent: 配送路线优化师
Installed industry Agent: 餐饮服务助手
Installed built-in Agent: 客户关系 Agent
Installed industry Agent: 汽配查询助手
Installed built-in Agent: 文档协作 Agent
Installed industry Agent: 五金经营助手
Installed industry Agent: 智能菜单顾问
Installed built-in Agent: 人事管理 Agent
Installed industry Agent: 装修材料助手
Installed industry Agent: 餐饮服务助手
Installed industry Agent: 社区团购助手
Installed industry Agent: 后厨调度助手
Installed industry Agent: 智能菜单顾问
Installed industry Agent: 接龙文本解析器
Installed industry Agent: 后厨调度助手
Installed industry Agent: 美业服务顾问
Installed industry Agent: 美业服务顾问
Installed industry Agent: 智能排班助手
Installed industry Agent: 智能排班助手
Installed industry Agent: 营销活动助手
Installed industry Agent: 营销活动助手
Installed industry Agent: 宠物养护顾问
Installed industry Agent: 宠物养护顾问
Installed industry Agent: 寄养管理助手
Installed industry Agent: 寄养管理助手
Installed industry Agent: 健康管理助手
Installed industry Agent: 健康管理助手
Installed industry Agent: Token 计费助手
Installed industry Agent: Token 计费助手
Installed industry Agent: 云平台运营助手
Installed industry Agent: 云平台运营助手
Installed industry Agent: 备份恢复助手
Installed industry Agent: 备份恢复助手
Installed industry Agent: 便利店经营助手
Installed industry Agent: 便利店经营助手
Installed industry Agent: 酒水批发助手
Installed industry Agent: 酒水批发助手
Installed industry Agent: 手机配件批发助手
Installed industry Agent: 手机配件批发助手
Installed industry Agent: 食材配送助手
Installed industry Agent: 食材配送助手
Installed industry Agent: 配送路线优化师
Installed industry Agent: 配送路线优化师
Installed industry Agent: 汽配查询助手
Installed industry Agent: 汽配查询助手
Installed industry Agent: 五金经营助手
Installed industry Agent: 五金经营助手
Installed industry Agent: 装修材料助手
Installed industry Agent: 装修材料助手
Installed industry Agent: 社区团购助手
Installed industry Agent: 社区团购助手
Installed industry Agent: 接龙文本解析器
Installed industry Agent: 接龙文本解析器
test ceo_commands::tests::test_pcp_filter_by_type ... ok
test ceo_commands::tests::test_preferences ... ok
test ceo_commands::tests::test_pcp_add_and_query ... ok
test plugin_loader::tests::test_plugin_loader_index ... ok
test plugin_loader::tests::test_plugin_loader_new ... ok
test plugin_loader::tests::test_plugin_registry_serde ... ok
test services::cloud_backup_service::tests::test_cipher_and_hash ... ok
test services::supabase_client::tests::test_client_configured ... ok
test services::supabase_client::tests::test_client_not_configured ... ok
test database::tests::test_database_creation ... ok
test setup_commands::tests::test_disk_space_check ... ok
Installed built-in Agent: 财务管理 Agent
Installed built-in Agent: 任务管理 Agent
Installed built-in Agent: 客户关系 Agent
Installed built-in Agent: 文档协作 Agent
Installed built-in Agent: 人事管理 Agent
Installed industry Agent: 餐饮服务助手
Installed industry Agent: 智能菜单顾问
Installed industry Agent: 后厨调度助手
Installed industry Agent: 美业服务顾问
Installed industry Agent: 智能排班助手
Installed industry Agent: 营销活动助手
Installed industry Agent: 宠物养护顾问
Installed industry Agent: 寄养管理助手
Installed industry Agent: 健康管理助手
Installed industry Agent: Token 计费助手
Installed industry Agent: 云平台运营助手
Installed industry Agent: 备份恢复助手
Installed industry Agent: 便利店经营助手
Installed industry Agent: 酒水批发助手
Installed industry Agent: 手机配件批发助手
Installed industry Agent: 食材配送助手
Installed industry Agent: 配送路线优化师
Installed industry Agent: 汽配查询助手
Installed industry Agent: 五金经营助手
Installed industry Agent: 装修材料助手
Installed industry Agent: 社区团购助手
Installed industry Agent: 接龙文本解析器
test ceo_commands::tests::test_task_stats ... ok
[DB Migration WARNING] 006_add_employee_invitation_fields: duplicate column name: invite_type
[DB Migration] 1 migration(s) encountered errors (non-fatal):
  - 006: duplicate column name: invite_type
test database::tests::test_database_initialization ... ok
test types_tests::tests::test_create_team_payload ... ok
test types_tests::tests::test_database_stats_serialization ... ok
test types_tests::tests::test_inventory_transaction_serialization ... ok
test types_tests::tests::test_migration_result_serialization ... ok
test types_tests::tests::test_product_serialization ... ok
test types_tests::tests::test_sku_serialization ... ok
test types_tests::tests::test_spu_serialization ... ok
Installed built-in Agent: 财务管理 Agent
Installed built-in Agent: 任务管理 Agent
Installed built-in Agent: 财务管理 Agent
Installed built-in Agent: 客户关系 Agent
Installed built-in Agent: 财务管理 Agent
Installed built-in Agent: 任务管理 Agent
Installed built-in Agent: 文档协作 Agent
Installed built-in Agent: 任务管理 Agent
Installed built-in Agent: 人事管理 Agent
Installed built-in Agent: 客户关系 Agent
Installed industry Agent: 餐饮服务助手
Installed built-in Agent: 客户关系 Agent
Installed built-in Agent: 文档协作 Agent
Installed built-in Agent: 文档协作 Agent
Installed industry Agent: 智能菜单顾问
Installed built-in Agent: 人事管理 Agent
Installed built-in Agent: 人事管理 Agent
Installed industry Agent: 后厨调度助手
Installed industry Agent: 餐饮服务助手
Installed industry Agent: 餐饮服务助手
Installed industry Agent: 美业服务顾问
Installed industry Agent: 智能菜单顾问
Installed industry Agent: 智能菜单顾问
Installed industry Agent: 智能排班助手
Installed industry Agent: 后厨调度助手
Installed industry Agent: 后厨调度助手
Installed industry Agent: 营销活动助手
Installed industry Agent: 美业服务顾问
Installed industry Agent: 美业服务顾问
Installed industry Agent: 宠物养护顾问
Installed industry Agent: 智能排班助手
Installed industry Agent: 智能排班助手
Installed industry Agent: 寄养管理助手
Installed industry Agent: 营销活动助手
Installed industry Agent: 营销活动助手
Installed industry Agent: 宠物养护顾问
Installed industry Agent: 健康管理助手
Installed industry Agent: 宠物养护顾问
Installed industry Agent: 寄养管理助手
Installed industry Agent: Token 计费助手
Installed industry Agent: 寄养管理助手
Installed industry Agent: 云平台运营助手
Installed industry Agent: 健康管理助手
Installed industry Agent: 备份恢复助手
Installed industry Agent: 健康管理助手
Installed industry Agent: Token 计费助手
Installed industry Agent: Token 计费助手
Installed industry Agent: 便利店经营助手
Installed industry Agent: 云平台运营助手
Installed industry Agent: 云平台运营助手
Installed industry Agent: 酒水批发助手
Installed industry Agent: 备份恢复助手
Installed industry Agent: 备份恢复助手
Installed industry Agent: 手机配件批发助手
Installed industry Agent: 便利店经营助手
Installed industry Agent: 便利店经营助手
Installed industry Agent: 食材配送助手
Installed industry Agent: 酒水批发助手
Installed industry Agent: 酒水批发助手
Installed industry Agent: 配送路线优化师
Installed industry Agent: 手机配件批发助手
Installed industry Agent: 手机配件批发助手
Installed industry Agent: 汽配查询助手
Installed industry Agent: 食材配送助手
Installed industry Agent: 食材配送助手
Installed industry Agent: 五金经营助手
Installed industry Agent: 配送路线优化师
Installed industry Agent: 配送路线优化师
Installed industry Agent: 汽配查询助手
Installed industry Agent: 装修材料助手
Installed industry Agent: 汽配查询助手
Installed industry Agent: 五金经营助手
Installed industry Agent: 社区团购助手
Installed industry Agent: 五金经营助手
Installed industry Agent: 接龙文本解析器
Installed industry Agent: 装修材料助手
Installed industry Agent: 装修材料助手
Installed industry Agent: 社区团购助手
Installed industry Agent: 社区团购助手
Installed industry Agent: 接龙文本解析器
Installed industry Agent: 接龙文本解析器
test setup_commands::tests::test_check_installation_status_not_completed ... ok
test utils::crypto::tests::test_encrypt_decrypt ... ok
test utils::crypto::tests::test_encrypt_decrypt_string ... ok
test utils::crypto::tests::test_new_rejects_invalid_key_length ... ok
test utils::key_manager::tests::test_as_bytes ... ok
test utils::key_manager::tests::test_from_env_or_default_with_env_var ... ok
test setup_commands::tests::test_save_config_with_local_model ... ok
JWT key generated and saved to "C:\\Users\\ADMINI~1\\AppData\\Local\\Temp\\proclaw_test_keys\\test_jwt.key"
JWT key loaded from "C:\\Users\\Administrator\\.proclaw\\jwt_secret.key"
test utils::key_manager::tests::test_from_env_or_default_with_invalid_env_var ... ok
JWT key loaded from "C:\\Users\\ADMINI~1\\AppData\\Local\\Temp\\proclaw_test_keys2\\test_jwt2.key"
test setup_commands::tests::test_save_and_check_config ... ok
test utils::path_safety::tests::test_ensure_within_dir ... ok
test utils::path_safety::tests::test_sanitize_file_name_rejects_traversal ... ok
test utils::path_safety::tests::test_sanitize_path_component ... ok
test utils::key_manager::tests::test_load_or_generate_creates_new_key ... ok
test utils::key_manager::tests::test_load_or_generate_loads_existing_key ... ok
test utils::crypto::tests::test_derive_key_from_password ... ok

test result: ok. 73 passed; 0 failed; 0 ignored; 0 measured; 0 filtered out; finished in 3.31s

     Running tests\integration_test.rs (target\debug\deps\integration_test-d2a1ed779ffba4c7.exe)

running 14 tests
test crypto_tests::test_encrypt_tampered_data_fails ... ok
test crypto_tests::test_aes256gcm_encrypt_decrypt_roundtrip ... ok
test jwt_tests::test_hmac_constant_time_comparison ... ok
test jwt_tests::test_hmac_sign_and_verify ... ok
test db_tests::test_sql_injection_parameterized ... ok
test path_safety_tests::test_sanitize_path_component_removes_traversal ... ok
test db_tests::test_in_memory_db_crud ... ok
test db_tests::test_transaction_rollback ... ok
test test_limit_offset_safety ... ok
test test_pagination_bounds ... ok
test test_product_spu_serialization_roundtrip ... ok
test test_sales_order_json_format ... ok
test test_uuid_generation_uniqueness ... ok
test path_safety_tests::test_path_traversal_blocked ... ok

test result: ok. 14 passed; 0 failed; 0 ignored; 0 measured; 0 filtered out; finished in 0.00s

